---
source: puffin/benches/compression.rs
expression: "report_compression(&test_stream, &encoded)"
---
"2286369bytes - ratio 3.46"
