---
source: puffin/benches/compression.rs
expression: "report_compression(&test_stream, &encoded)"
---
"2500288bytes - ratio 3.16"
