---
source: puffin/benches/compression.rs
expression: "report_compression(&test_stream, &encoded)"
---
"2650895bytes - ratio 2.98"
